{"level":30,"time":1790074183822,"pid":26048,"hostname":"VICKYS-WIN10","msg":"Server running on http://localhost:3000 in development mode"}
{"level":30,"time":1790074183983,"pid":26048,"hostname":"VICKYS-WIN10","msg":"Connected to RabbitMQ queue: video_processing_queue"}
{"level":30,"time":1790074340791,"pid":2136,"hostname":"VICKYS-WIN10","msg":"Server running on http://localhost:3000 in development mode"}
{"level":30,"time":1790074340892,"pid":2136,"hostname":"VICKYS-WIN10","msg":"Connected to RabbitMQ queue: video_processing_queue"}
{"level":30,"time":1790074418180,"pid":20900,"hostname":"VICKYS-WIN10","msg":"Server running on http://localhost:3000 in development mode"}
{"level":30,"time":1790074418198,"pid":20900,"hostname":"VICKYS-WIN10","msg":"Successfully connected to Redis"}
{"level":30,"time":1790074418269,"pid":20900,"hostname":"VICKYS-WIN10","msg":"Connected to RabbitMQ queue: video_processing_queue"}
{"level":30,"time":1790074484283,"pid":26032,"hostname":"VICKYS-WIN10","msg":"Server running on http://localhost:3000 in development mode"}
{"level":30,"time":1790074484308,"pid":26032,"hostname":"VICKYS-WIN10","msg":"Successfully connected to Redis"}
{"level":30,"time":1790074484377,"pid":26032,"hostname":"VICKYS-WIN10","msg":"Connected to RabbitMQ queue: video_processing_queue"}
{"level":30,"time":1790074653421,"pid":6088,"hostname":"VICKYS-WIN10","msg":"Server running on http://localhost:3000 in development mode"}
{"level":30,"time":1790074653441,"pid":6088,"hostname":"VICKYS-WIN10","msg":"Successfully connected to Redis"}
{"level":30,"time":1790074653524,"pid":6088,"hostname":"VICKYS-WIN10","msg":"Connected to RabbitMQ queue: video_processing_queue"}
{"level":30,"time":1790075032142,"pid":4004,"hostname":"VICKYS-WIN10","msg":"Successfully connected to Redis"}
{"level":30,"time":1790075032197,"pid":4004,"hostname":"VICKYS-WIN10","msg":"Successfully connected to PostgreSQL"}
{"level":30,"time":1790075032427,"pid":4004,"hostname":"VICKYS-WIN10","msg":"Connected to RabbitMQ queue: video_processing_queue"}
{"level":30,"time":1790075032438,"pid":4004,"hostname":"VICKYS-WIN10","msg":"Server running on http://localhost:3000 in development mode"}
{"level":30,"time":1790075125468,"pid":27412,"hostname":"VICKYS-WIN10","msg":"Successfully connected to Redis"}
{"level":30,"time":1790075125486,"pid":27412,"hostname":"VICKYS-WIN10","msg":"Successfully connected to PostgreSQL"}
{"level":30,"time":1790075125585,"pid":27412,"hostname":"VICKYS-WIN10","msg":"Connected to RabbitMQ queue: video_processing_queue"}
{"level":30,"time":1790075125588,"pid":27412,"hostname":"VICKYS-WIN10","msg":"Server running on http://localhost:3000 in development mode"}
{"level":30,"time":1790075139953,"pid":27412,"hostname":"VICKYS-WIN10","msg":"Received SIGINT. Starting graceful shutdown..."}
{"level":30,"time":1790075139956,"pid":27412,"hostname":"VICKYS-WIN10","msg":"HTTP server closed."}
{"level":30,"time":1790075139977,"pid":27412,"hostname":"VICKYS-WIN10","msg":"Prisma disconnected."}
{"level":30,"time":1790075139986,"pid":27412,"hostname":"VICKYS-WIN10","msg":"Redis disconnected."}
{"level":30,"time":1790075140028,"pid":27412,"hostname":"VICKYS-WIN10","msg":"RabbitMQ connection closed."}
{"level":30,"time":1790075140029,"pid":27412,"hostname":"VICKYS-WIN10","msg":"RabbitMQ connection closed."}
{"level":30,"time":1790075140029,"pid":27412,"hostname":"VICKYS-WIN10","msg":"Graceful shutdown completed. Exiting."}
{"level":30,"time":1790075257916,"pid":30652,"hostname":"VICKYS-WIN10","msg":"Successfully connected to Redis"}
{"level":30,"time":1790075257926,"pid":30652,"hostname":"VICKYS-WIN10","msg":"Successfully connected to PostgreSQL"}
{"level":30,"time":1790075258018,"pid":30652,"hostname":"VICKYS-WIN10","msg":"Connected to RabbitMQ queue: video_processing_queue"}
{"level":30,"time":1790075258027,"pid":30652,"hostname":"VICKYS-WIN10","msg":"Server running on http://localhost:3000 in development mode"}
{"level":30,"time":1790075583172,"pid":24808,"hostname":"VICKYS-WIN10","msg":"Successfully connected to Redis"}
{"level":30,"time":1790075583183,"pid":24808,"hostname":"VICKYS-WIN10","msg":"Successfully connected to PostgreSQL"}
{"level":30,"time":1790075583255,"pid":24808,"hostname":"VICKYS-WIN10","msg":"Connected to RabbitMQ queue: video_processing_queue"}
{"level":30,"time":1790075583258,"pid":24808,"hostname":"VICKYS-WIN10","msg":"Server running on http://localhost:3000 in development mode"}
{"level":30,"time":1790075587111,"pid":24808,"hostname":"VICKYS-WIN10","msg":"Received SIGINT. Starting graceful shutdown..."}
{"level":30,"time":1790075587122,"pid":24808,"hostname":"VICKYS-WIN10","msg":"HTTP server closed."}
{"level":30,"time":1790075587146,"pid":24808,"hostname":"VICKYS-WIN10","msg":"Prisma disconnected."}
{"level":30,"time":1790075587155,"pid":24808,"hostname":"VICKYS-WIN10","msg":"Redis disconnected."}
{"level":30,"time":1790075587221,"pid":24808,"hostname":"VICKYS-WIN10","msg":"RabbitMQ connection closed."}
{"level":30,"time":1790075587222,"pid":24808,"hostname":"VICKYS-WIN10","msg":"RabbitMQ connection closed."}
{"level":30,"time":1790075587222,"pid":24808,"hostname":"VICKYS-WIN10","msg":"Graceful shutdown completed. Exiting."}
